
mysql> create database gb;
Query OK, 1 row affected (0.11 sec)

mysql> use gb;
Database changed
mysql> create table student(id int,name varchar(30),city varchar(40),salary int);
Query OK, 0 rows affected (0.07 sec)

mysql> desc student;
+--------+-------------+------+-----+---------+-------+
| Field  | Type        | Null | Key | Default | Extra |
+--------+-------------+------+-----+---------+-------+
| id     | int         | YES  |     | NULL    |       |
| name   | varchar(30) | YES  |     | NULL    |       |
| city   | varchar(40) | YES  |     | NULL    |       |
| salary | int         | YES  |     | NULL    |       |
+--------+-------------+------+-----+---------+-------+
4 rows in set (0.03 sec)

mysql> insert into student values(11,'lokesh','chennai',1234),(12,'mani','goa',6541),(13,'sai','ongole',9874);
Query OK, 3 rows affected (0.03 sec)
Records: 3  Duplicates: 0  Warnings: 0

mysql> select * from student;
+------+--------+---------+--------+
| id   | name   | city    | salary |
+------+--------+---------+--------+
|   11 | lokesh | chennai |   1234 |
|   12 | mani   | goa     |   6541 |
|   13 | sai    | ongole  |   9874 |
+------+--------+---------+--------+
3 rows in set (0.02 sec)

mysql> insert into student values(18,'loks','chennai',234),(16,'mani','goa',541),(14,'ramu','ongole',874);
Query OK, 3 rows affected (0.03 sec)
Records: 3  Duplicates: 0  Warnings: 0

mysql> select * from student;
+------+--------+---------+--------+
| id   | name   | city    | salary |
+------+--------+---------+--------+
|   11 | lokesh | chennai |   1234 |
|   12 | mani   | goa     |   6541 |
|   13 | sai    | ongole  |   9874 |
|   18 | loks   | chennai |    234 |
|   16 | mani   | goa     |    541 |
|   14 | ramu   | ongole  |    874 |
+------+--------+---------+--------+
6 rows in set (0.00 sec)

mysql> select name,city if(salary>1000,"high","low")as salaryview from student;
ERROR 1064 (42000): You have an error in your SQL syntax; check the manual that corresponds to your MySQL server version for the right syntax to use near 'if(salary>1000,"high","low")as salaryview from student' at line 1
mysql> select name,city if(salary>1000,"high","low")as salary view from student;
ERROR 1064 (42000): You have an error in your SQL syntax; check the manual that corresponds to your MySQL server version for the right syntax to use near 'if(salary>1000,"high","low")as salary view from student' at line 1
mysql> select name,city if(salary>1000,"high","low")as salary from student;
ERROR 1064 (42000): You have an error in your SQL syntax; check the manual that corresponds to your MySQL server version for the right syntax to use near 'if(salary>1000,"high","low")as salary from student' at line 1
mysql> select name,city,if(salary>1000,"high","low")as salary from student;
+--------+---------+--------+
| name   | city    | salary |
+--------+---------+--------+
| lokesh | chennai | high   |
| mani   | goa     | high   |
| sai    | ongole  | high   |
| loks   | chennai | low    |
| mani   | goa     | low    |
| ramu   | ongole  | low    |
+--------+---------+--------+
6 rows in set (0.00 sec)

mysql> select name,city,if(salary>=1500,"high","low")as salary from student;
+--------+---------+--------+
| name   | city    | salary |
+--------+---------+--------+
| lokesh | chennai | low    |
| mani   | goa     | high   |
| sai    | ongole  | high   |
| loks   | chennai | low    |
| mani   | goa     | low    |
| ramu   | ongole  | low    |
+--------+---------+--------+
6 rows in set (0.00 sec)

mysql> select name,city,if(salary>=1500,"high","low")as salary from student where city='ongole';
+------+--------+--------+
| name | city   | salary |
+------+--------+--------+
| sai  | ongole | high   |
| ramu | ongole | low    |
+------+--------+--------+
2 rows in set (0.02 sec)

mysql> select name,city,if(salary<=1500,"high","low")as salary from student;
+--------+---------+--------+
| name   | city    | salary |
+--------+---------+--------+
| lokesh | chennai | high   |
| mani   | goa     | low    |
| sai    | ongole  | low    |
| loks   | chennai | high   |
| mani   | goa     | high   |
| ramu   | ongole  | high   |
+--------+---------+--------+
6 rows in set (0.00 sec)

mysql> select name from student where if(salary>1500,"high","low")="high"and id>12;
+------+
| name |
+------+
| sai  |
+------+
1 row in set (0.00 sec)

mysql> select name from student where if(salary>1500,"high","low")="high"and id>1;
+------+
| name |
+------+
| mani |
| sai  |
+------+
2 rows in set (0.00 sec)

mysql> select name from student where if(salary>1500,"high","low")="high"and id>9;
+------+
| name |
+------+
| mani |
| sai  |
+------+
2 rows in set (0.00 sec)

mysql> select name from student where if(salary>9500,"high","low")="high"and id>9;
+------+
| name |
+------+
| sai  |
+------+
1 row in set (0.00 sec)

mysql> select name from student where if(salary>19500,"high","low")="high"and id>9;
Empty set (0.00 sec)

mysql> select sum(if(city like'o%',city,0))as total from student;
+-------+
| total |
+-------+
|     0 |
+-------+
1 row in set, 2 warnings (0.03 sec)

mysql> select sum(if(city like'o%',salary,0))as total from student;
+-------+
| total |
+-------+
| 10748 |
+-------+
1 row in set (0.00 sec)

mysql> select sum(if(city like'c%',salary,0))as total from student;
+-------+
| total |
+-------+
|  1468 |
+-------+
1 row in set (0.00 sec)

mysql> select count(if(city like'c%',salary,0))as total from student;
+-------+
| total |
+-------+
|     6 |
+-------+
1 row in set (0.02 sec)

mysql> select count(if(salary like'c%',city,0))as total from student;
+-------+
| total |
+-------+
|     6 |
+-------+
1 row in set (0.00 sec)

mysql> select count(if(salary like'o%',city,0))as total from student;
+-------+
| total |
+-------+
|     6 |
+-------+
1 row in set (0.00 sec)

mysql> select count(if(salary like'a%',city,0))as total from student;
+-------+
| total |
+-------+
|     6 |
+-------+
1 row in set (0.00 sec)

mysql> select count(if(salary like'z%',city,0))as total from student;
+-------+
| total |
+-------+
|     6 |
+-------+
1 row in set (0.00 sec)

mysql>
